[www.air-closet.com/index.html]
[backblue.gif]
[fade.gif]
[index.html]
[www.googleoptimize.com/optimize4357.js]
[www.air-closet.com/assets/47e226b27740592bb2fd.css]
[cdn-g.assets.air-closet.com/assets/images/index/use_1.png]
[cdn-g.assets.air-closet.com/assets/images/index/use_2.png]
[cdn-g.assets.air-closet.com/assets/images/index/use_3.png]
[cdn-g.assets.air-closet.com/assets/images/index/use_4.png]
[www.air-closet.com/assets/images/index/handling_items_1.jpg]
[cdn-g.assets.air-closet.com/assets/images/later-payment/np.png]
[www.air-closet.com/assets/images/index/handling_items_2.png]
[cdn-g.assets.air-closet.com/assets/images/later-payment/np_sp.png]
[cdn-g.assets.air-closet.com/assets/images/life/aclife_top.jpg]
[www.air-closet.com/assets/images/quality/sp/kv/1-1-background.jpg]
[www.air-closet.com/assets/images/quality/pc/kv/1-1-background.jpg]
[www.air-closet.com/assets/images/quality/pc/q--kvno-arrow-45694646c5.png]
[www.air-closet.com/assets/images/quality/pc/q--kvbg-1-ff330ea581.png]
[www.air-closet.com/assets/images/quality/pc/q--s1bg-8bf1a58f5f.png]
[cdn-g.assets.air-closet.com/assets/images/campaign/np-campaign/np-cp.gif]
[www.air-closet.com/assets/images/quality/pc/q--s2img1-5faaef8931.png]
[www.air-closet.com/assets/images/quality/pc/q--s3bg-ddcebd1db1.png]
[connect.facebook.net/ja_JP/sdk.js]
[use.typekit.net/kps6lxx.css]
[d.line-scdn.net/r/web/social-plugin/js/thirdparty/loader.min.js]
[www.air-closet.com/assets/images/accessory/bg.png]
[cdn-g.assets.air-closet.com/assets/images/guestlp/logo.png]
[cdn-g.assets.air-closet.com/assets/images/guestlp/common/header/login.png]
[cdn-g.assets.air-closet.com/assets/images/guestlp/common/header/hamburger.png]
[cdn-g.assets.air-closet.com/assets/images/guestlp/common/header/menu/img.jpg]
[cdn-g.assets.air-closet.com/assets/images/guestlp/common/header/menu/close.png]
[www.air-closet.com/style-book/index.html]
[www.air-closet.com/'/assets/images/guestlp/top/carousel/desktop/item/item_PC1.21.delayed]
[www.air-closet.com/'/assets/images/guestlp/top/carousel/desktop/item/item_PC2.png']
[www.air-closet.com/'/assets/images/guestlp/top/carousel/desktop/item/item_PC3.png']
[www.air-closet.com/'/assets/images/guestlp/top/carousel/mobile/item/item_SP1.png']
[www.air-closet.com/'/assets/images/guestlp/top/carousel/mobile/item/item_SP2.png']
[www.air-closet.com/'/assets/images/guestlp/top/carousel/mobile/item/item_SP3.png']
[cdn-g.assets.air-closet.com/assets/images/guestlp/top/sample/1/number.png]
[www.air-closet.com/assets/images/campaign/2021/for-medical-worker/bnr_short_sp.jpg]
[www.air-closet.com/assets/images/campaign/2021/for-medical-worker/bnr_short_pc.jpg]
[cdn-g.assets.air-closet.com/assets/images/guestlp/top/sample/stylist.png]
[www.air-closet.com/assets/images/guestlp/top/evaluation/mobile/img.png]
[www.air-closet.com/assets/images/guestlp/top/evaluation/desktop/img.png]
[cdn-g.assets.air-closet.com/assets/images/guestlp/top/sample/1/3items.png]
[cdn-g.assets.air-closet.com/assets/images/guestlp/top/sample/1/img.png]
[cdn-g.assets.air-closet.com/assets/images/guestlp/top/sample/1/1.png]
[cdn-g.assets.air-closet.com/assets/images/guestlp/top/sample/1/2.png]
[cdn-g.assets.air-closet.com/assets/images/guestlp/top/sample/1/3.png]
[cdn-g.assets.air-closet.com/assets/images/guestlp/top/sample/1/4.png]
[cdn-g.assets.air-closet.com/assets/images/guestlp/top/sample/1/5.png]
[cdn-g.assets.air-closet.com/assets/images/guestlp/top/sample/1/6.png]
[cdn-g.assets.air-closet.com/assets/images/guestlp/top/sample/1/7.png]
[cdn-g.assets.air-closet.com/assets/images/guestlp/top/sample/2/number.png]
[cdn-g.assets.air-closet.com/assets/images/guestlp/top/sample/2/3items.png]
[cdn-g.assets.air-closet.com/assets/images/guestlp/top/sample/2/img.png]
[cdn-g.assets.air-closet.com/assets/images/guestlp/top/sample/2/1.png]
[cdn-g.assets.air-closet.com/assets/images/guestlp/top/sample/2/2.png]
[cdn-g.assets.air-closet.com/assets/images/guestlp/top/sample/2/3.png]
[cdn-g.assets.air-closet.com/assets/images/guestlp/top/sample/2/4.png]
[cdn-g.assets.air-closet.com/assets/images/guestlp/top/sample/2/5.png]
[cdn-g.assets.air-closet.com/assets/images/guestlp/top/sample/2/6.png]
[cdn-g.assets.air-closet.com/assets/images/guestlp/top/sample/2/7.png]
[cdn-g.assets.air-closet.com/assets/images/guestlp/top/sample/1/numberB.png]
[cdn-g.assets.air-closet.com/assets/images/guestlp/top/sample/scroll_icon.png]
[cdn-g.assets.air-closet.com/assets/images/guestlp/top/sample/scroll_text.png]
[cdn-g.assets.air-closet.com/assets/images/guestlp/top/sampleB/1/1.png]
[cdn-g.assets.air-closet.com/assets/images/guestlp/top/sampleB/1/2.png]
[cdn-g.assets.air-closet.com/assets/images/guestlp/top/sampleB/1/3.png]
[cdn-g.assets.air-closet.com/assets/images/guestlp/top/sampleB/1/4.png]
[cdn-g.assets.air-closet.com/assets/images/guestlp/top/sampleB/1/5.png]
[cdn-g.assets.air-closet.com/assets/images/guestlp/top/sampleB/1/6.png]
[cdn-g.assets.air-closet.com/assets/images/guestlp/top/sampleB/1/7.png]
[cdn-g.assets.air-closet.com/assets/images/guestlp/top/sample/2/numberB.png]
[cdn-g.assets.air-closet.com/assets/images/guestlp/top/sampleB/2/1.png]
[cdn-g.assets.air-closet.com/assets/images/guestlp/top/sampleB/2/2.png]
[cdn-g.assets.air-closet.com/assets/images/guestlp/top/sampleB/2/3.png]
[cdn-g.assets.air-closet.com/assets/images/guestlp/top/sampleB/2/4.png]
[cdn-g.assets.air-closet.com/assets/images/guestlp/top/sampleB/2/5.png]
[cdn-g.assets.air-closet.com/assets/images/guestlp/top/sampleB/2/6.png]
[cdn-g.assets.air-closet.com/assets/images/guestlp/top/sampleB/2/7.png]
[www.air-closet.com/index.html]
[www.googletagmanager.com/gtm5445.html]
[www.air-closet.com/service/details/receive/index.html]
[www.air-closet.com/service/details/feedback/index.html]
[www.air-closet.com/service/details/karte/index.html]
[www.air-closet.com/service/details/exchange/index.html]
[www.air-closet.com/assets/images/campaign/2021/for-medical-worker/bnr_detail_sp.jpg]
[www.air-closet.com/assets/images/campaign/2021/for-medical-worker/bnr_detail_pc.jpg]
[air-closet-app.s3-ap-northeast-1.amazonaws.com/uploads/banner/image/20191001114659-epos_通常.png]
[www.air-closet.com/member-agreement/free/index.html]
[www.air-closet.com/trade/index.html]
[www.air-closet.com/member-agreement/monthly/index.html]
[www.air-closet.com/security/index.html]
[www.air-closet.com/privacy/policy/index.html]
[www.googleadservices.com/pagead/f.txt]
[static.mul-pay.jp/ext/js/token.js]
[www.air-closet.com/assets/iconfonts/ac-icon.woff2]
[www.air-closet.com/assets/iconfonts/ac-icon.ttf]
[www.air-closet.com/assets/iconfonts/ac-icon.woff]
[www.air-closet.com/assets/images/sprites/sprite-common.png]
[www.air-closet.com/assets/images/footer/icon_Instagram.png]
[www.air-closet.com/assets/stylesheets/style.css]
[www.air-closet.com/assets/bundle.js]
[www.air-closet.com/assets/images/attention/size-diff.png]
[www.air-closet.com/assets/images/sprites/sprite-top.png]
[www.air-closet.com/assets/images/index/img_main_2.jpg]
[www.air-closet.com/assets/images/index/img_main_sp.jpg]
[www.air-closet.com/assets/images/gift/keyvisual_main.png]
[www.air-closet.com/assets/images/gift/keyvisual_main_sp.png]
[www.air-closet.com/assets/images/sprites/sprite-gift.png]
[www.air-closet.com/assets/images/gift/gift_scene_1.png]
[www.air-closet.com/assets/images/gift/gift_scene_2.png]
[www.air-closet.com/assets/images/gift/gift_scene_3.png]
[www.air-closet.com/assets/images/gift/gift_scene_4.png]
[www.air-closet.com/assets/images/gift/gift_scene_5.png]
[www.air-closet.com/assets/images/gift/voice_bg.png]
[www.air-closet.com/assets/images/gift/bg.png]
[www.air-closet.com/assets/images/gift/message_rule.png]
[www.air-closet.com/assets/images/gift/preview_front.png]
[www.air-closet.com/assets/images/gift/preview_back.png]
[www.air-closet.com/assets/images/later-payment/np.png]
[www.air-closet.com/assets/47e226b27740592bb2fd.css]
[www.air-closet.com/assets/images/quality/sp/q--kvbg-1-ac55752fa7.png]
[www.air-closet.com/assets/images/later-payment/np_sp.png]
[www.air-closet.com/assets/images/quality/sp/q--kvbg-1-1-762cce3c2d.png]
[www.air-closet.com/assets/images/sprites/sprite-ss18.png]
[www.air-closet.com/assets/images/quality/sp/q--kvbg-1-2-301ee19190.png]
[www.air-closet.com/assets/images/sprites/sprite-ss19.png]
[www.air-closet.com/assets/images/sprites/sprite-aw18.png]
[www.air-closet.com/assets/bundle996c.css]
[www.air-closet.com/assets/images/sprites/sprite-aw19.png]
[www.air-closet.com/assets/images/sprites/sprite-ss21.png]
[www.air-closet.com/assets/images/sprites/sprite-ss20.png]
[www.air-closet.com/assets/images/sprites/sprite-aw20.png]
[use.typekit.net/kps6lxx.css]
[www.air-closet.com/assets/images/ban/img-instagram.png]
[connect.facebook.net/ja_JP/sdk.js]
[www.air-closet.com/assets/images/ban/img-twitter.png]
[www.air-closet.com/assets/images/dyson/gray_border.png]
[www.air-closet.com/assets/images/dyson/dyson_product_1.png]
[www.air-closet.com/assets/images/dyson/dyson_product_2.png]
[www.air-closet.com/assets/images/dyson/dyson_service_keyvisual.png]
[www.air-closet.com/assets/images/dyson/aircloset_service_keyvisual.png]
[www.air-closet.com/style-book/index.html]
[www.air-closet.com/assets/images/dyson/blank_icon.png]
[www.air-closet.com/'/assets/images/guestlp/top/carousel/desktop/item/item_PC1.html]
[www.air-closet.com/assets/images/brand/buyercomment.png]
[www.air-closet.com/'/assets/images/guestlp/top/carousel/desktop/item/item_PC2.html]
[www.air-closet.com/assets/images/common/link_icon.png]
[www.air-closet.com/'/assets/images/guestlp/top/carousel/desktop/item/item_PC3.html]
[www.air-closet.com/assets/images/brand/designercomment.png]
[www.air-closet.com/'/assets/images/guestlp/top/carousel/mobile/item/item_SP1.html]
[www.air-closet.com/assets/images/voice/bg_border.png]
[www.air-closet.com/'/assets/images/guestlp/top/carousel/mobile/item/item_SP2.html]
[www.air-closet.com/'/assets/images/guestlp/top/carousel/mobile/item/item_SP3.html]
[www.air-closet.com/assets/images/like/like_on.png]
[www.air-closet.com/assets/images/registration/errorIcon.png]
[cdn-g.assets.air-closet.com/assets/images/guestlp/abouts/flow/1/img.jpg]
[www.air-closet.com/assets/images/common/arrow.png]
[www.air-closet.com/assets/images/line/logo.png]
[www.air-closet.com/assets/images/common/apple-logo.png]
[cdn-g.assets.air-closet.com/assets/images/guestlp/top/flow/2.png]
[www.air-closet.com/assets/images/common/store-apple.png]
[www.air-closet.com/assets/images/common/store-google.png]
[www.air-closet.com/assets/images/introduction/step1.jpg]
[cdn-g.assets.air-closet.com/assets/images/guestlp/top/flow/3.png]
[www.air-closet.com/assets/images/introduction/step2.jpg]
[www.air-closet.com/assets/images/introduction/step3.jpg]
[www.air-closet.com/assets/images/introduction/step4.jpg]
[www.air-closet.com/assets/images/wearing/delivery-schedule/delivery-step.png]
[www.air-closet.com/assets/images/registration/plan/link.png]
[cdn-g.assets.air-closet.com/assets/images/guestlp/top/flow/4.png]
[www.air-closet.com/service/details/karte/index.html]
[www.air-closet.com/assets/images/registration/ng/ng_result/girl.png]
[www.air-closet.com/assets/images/registration/ng/ng_result/dress.png]
[www.air-closet.com/assets/images/registration/ng/ng_result/shirt.png]
[www.air-closet.com/assets/images/registration/ng/ng_result/pant.png]
[www.air-closet.com/assets/images/registration/ng/ng_result/long_dress.png]
[www.air-closet.com/assets/images/sharecloset/about-share-closet@3x.png]
[cdn-g.assets.air-closet.com/assets/images/guestlp/abouts/flow/2/img.jpg]
[www.air-closet.com/assets/images/sharecloset/s-c-logo@3x.png]
[www.air-closet.com/assets/images/sharecloset/how-to-work@3x.png]
[www.air-closet.com/assets/images/sharecloset/img@3x.png]
[cdn-g.assets.air-closet.com/assets/images/guestlp/top/flow/1.png]
[www.air-closet.com/service/details/receive/index.html]
[www.air-closet.com/assets/images/sharecloset/img-pc@3x.png]
[www.air-closet.com/assets/images/sharecloset/check@3x.png]
[www.air-closet.com/assets/images/sharecloset/bring@3x.png]
[www.air-closet.com/assets/images/sharecloset/flandre-logo@3x.png]
[www.air-closet.com/assets/images/sharecloset/icon@3x.png]
[www.air-closet.com/assets/images/sharecloset/icon-w@3x.png]
[www.air-closet.com/assets/images/sharecloset/corp-logo@3x.png]
[cdn-g.assets.air-closet.com/assets/images/guestlp/abouts/flow/3/img.jpg]
[www.air-closet.com/service/details/feedback/index.html]
[www.air-closet.com/assets/images/sharecloset/jeplan-logo@3x.png]
[www.air-closet.com/assets/images/for-u/story-first-part-main@3x.png]
[www.air-closet.com/assets/images/for-u/story-sequel-main@3x.png]
[cdn-g.assets.air-closet.com/assets/images/guestlp/abouts/flow/4/img.jpg]
[www.air-closet.com/service/details/exchange/index.html]
[www.air-closet.com/assets/images/for-u/staff@3x.png]
[www.air-closet.com/member-agreement/free/index.html]
[www.air-closet.com/assets/images/for-u/plain-blouse@3x.png]
[www.air-closet.com/trade/index.html]
[www.air-closet.com/assets/images/for-u/stripe-blouse@3x.png]
[www.air-closet.com/assets/images/for-u/flare-skirt@3x.png]
[www.air-closet.com/member-agreement/monthly/index.html]
[www.air-closet.com/assets/images/for-u/ribbon-skirt@3x.png]
[www.air-closet.com/assets/images/for-u/item-detail-main@3x.png]
[www.air-closet.com/security/index.html]
[www.air-closet.com/assets/images/for-u/for-you-coordinate1@3x.png]
[www.air-closet.com/assets/images/for-u/for-you-coordinate3@3x.png]
[www.air-closet.com/privacy/policy/index.html]
[www.air-closet.com/assets/images/for-u/for-you-coordinate2@3x.png]
[www.air-closet.com/assets/images/for-u/for-you-coordinate4@3x.png]
[www.air-closet.com/assets/images/campaign/ya-man/ya-man_logo.png]
[www.air-closet.com/assets/iconfonts/ac-icon.svg]
[www.air-closet.com/assets/images/personal-diagnosis/topLp/coordinate.png]
[www.air-closet.com/assets/images/personal-diagnosis/topLp/personal-styling-shindan-result-image3x.png]
[www.air-closet.com/assets/images/footer/icon_Facebook.svg]
[www.air-closet.com/assets/images/personal-diagnosis/topLp/skeleton.png]
[www.air-closet.com/assets/images/personal-diagnosis/topLp/personal.png]
[www.air-closet.com/assets/images/footer/icon_LINE@.svg]
[www.air-closet.com/assets/images/personal-diagnosis/topLp/kokkaku-shindan-usual3x.png]
[www.air-closet.com/assets/images/option/accessory.svg]
[www.air-closet.com/assets/images/personal-diagnosis/topLp/kokkaku-shindan-original3x.png]
[www.air-closet.com/assets/images/personal-diagnosis/topLp/colorType.png]
[www.air-closet.com/assets/images/article/icon-point.svg]
[www.air-closet.com/assets/images/personal-diagnosis/topLp/personal-color-shindan-usual3x.png]
[www.air-closet.com/assets/images/personal-diagnosis/topLp/acColorType.png]
[p.typekit.net/pf27f.css]
[www.air-closet.com/assets/images/personal-diagnosis/topLp/personal-color-shindan-original3x.png]
[www.air-closet.com/assets/images/personal-diagnosis/topLp/new.png]
[www.air-closet.com/assets/images/menu/hamburger.svg]
[www.air-closet.com/assets/images/menu/close_btn.svg]
[www.air-closet.com/assets/images/personal-diagnosis/service-logo-rd-01.svg]
[www.air-closet.com/assets/images/campaign/2020/shizen-dennryoku/action-01-sp.png]
[www.air-closet.com/assets/images/campaign/2020/shizen-dennryoku/action-02-sp.png]
[www.air-closet.com/assets/images/return-procedure/icons/checked.svg]
[www.air-closet.com/assets/images/campaign/2020/shizen-dennryoku/leaves.png]
[www.air-closet.com/assets/images/common/help.svg]
[www.air-closet.com/assets/images/common/help-active.svg]
[www.air-closet.com/assets/images/campaign/2020/shizen-dennryoku/action-01.png]
[www.air-closet.com/assets/images/common/caution.svg]
[www.air-closet.com/assets/images/campaign/2020/shizen-dennryoku/action-02.png]
[www.air-closet.com/assets/images/personal-diagnosis/penLine-sp.svg]
[www.air-closet.com/assets/images/campaign/2020/acosme/icon-check-regular.png]
[www.air-closet.com/assets/images/personal-diagnosis/pen.svg]
[www.air-closet.com/assets/images/campaign/2020/acosme/icon_outerlink.png]
[www.air-closet.com/assets/images/campaign/2020/accessory/BRANDS@2x.png]
[www.air-closet.com/assets/images/personal-diagnosis/rigth.svg]
[www.air-closet.com/assets/images/free-register/register-email-disable.png]
[www.air-closet.com/assets/images/free-register/register-email.png]
[www.air-closet.com/assets/images/personal-diagnosis/left.svg]
[www.air-closet.com/assets/images/service/modal5th.jpg]
[www.air-closet.com/assets/images/service/first-view/no1.jpg]
[www.air-closet.com/assets/images/service/first-view/fv_img_sp3x_a.png]
[www.air-closet.com/assets/images/personal-diagnosis/check.svg]
[www.air-closet.com/assets/images/service/first-view/fv_img_sp3x_b.png]
[www.air-closet.com/assets/images/campaign/2020/mkMay/fv-sp3x.jpg]
[www.air-closet.com/assets/images/campaign/2020/shizen-dennryoku/bg-environment.svg]
[www.air-closet.com/assets/images/service/first-view/item.jpg]
[www.air-closet.com/assets/images/service/first-view/list.jpg]
[www.air-closet.com/assets/images/service/img_main.jpg]
[www.air-closet.com/assets/images/campaign/2020/shizen-dennryoku/ic__btn--green.svg]
[www.air-closet.com/assets/images/service/img_stylist_sp.jpg]
[www.air-closet.com/assets/images/campaign/2020/shizen-dennryoku/bg-energy.svg]
[www.air-closet.com/assets/images/service/img_stylist_pc.png]
[www.air-closet.com/assets/images/service/close.png]
[www.air-closet.com/assets/images/campaign/2020/shizen-dennryoku/ic__btn--blue.svg]
[www.air-closet.com/assets/images/service/main-image-pc@3x.jpg]
[www.air-closet.com/assets/images/service/talent/bg_pc.jpg]
[www.air-closet.com/assets/images/campaign/2020/shizen-dennryoku/bg-sustainable-action.svg]
[www.air-closet.com/assets/images/service/main-image@3x.jpg]
[www.air-closet.com/assets/images/service/service-logo.png]
[www.air-closet.com/assets/images/service/icon-check.svg]
[www.air-closet.com/assets/images/newlp/detail/k_point01_ttlBg.png]
[www.air-closet.com/assets/images/newlp/detail/k_point01_ttlBg_sp.png]
[www.air-closet.com/assets/images/service/bg_pc.jpg]
[www.air-closet.com/assets/images/newlp/detail/k_point02_ttlBg.png]
[www.air-closet.com/assets/images/newlp/detail/k_point02_ttlBg_sp.png]
[www.air-closet.com/assets/images/newlp/detail/k_point03_ttlBg.png]
[www.air-closet.com/assets/images/newlp/detail/k_point03_ttlBg_sp.png]
[www.air-closet.com/assets/images/newlp/detail/k_point04_ttlBg.png]
[www.air-closet.com/assets/images/newlp/detail/k_point04_ttlBg_sp.png]
[www.air-closet.com/assets/images/guestlp/top/sample/circle.png]
[www.air-closet.com/assets/images/lp/plus-size-for-ad/plus_size_FV.jpg]
[www.air-closet.com/assets/images/registration/ng/check-taste@3x.png]
[www.air-closet.com/assets/images/wacoal-wing/arrow-right.svg]
[www.air-closet.com/assets/images/wacoal-wing/arrow-left.svg]
[use.typekit.net/af/273d01/00000000000000003b9aef81/27/d5bba]
[www.air-closet.com/assets/images/wacoal-wing/bg-point.svg]
[www.air-closet.com/assets/images/campaign/2020/mirable/bg_tokuten.jpg]
[www.air-closet.com/style-book/1/index.html]
[use.typekit.net/af/273d01/00000000000000003b9aef81/27/l5bba]
[p.typekit.net/p59eb.css]
[www.air-closet.com/style-book/2/index.html]
[use.typekit.net/af/273d01/00000000000000003b9aef81/27/a5bba]
[www.air-closet.com/style-book/3/index.html]
[www.air-closet.com/style-book/1/index.html]
[www.air-closet.com/assets/images/stylebook/ss21/1.jpg]
[www.air-closet.com/assets/images/stylebook/icon.png]
[www.air-closet.com/style-book/4/index.html]
[www.air-closet.com/style-book/5/index.html]
[www.air-closet.com/style-book/2/index.html]
[www.air-closet.com/assets/images/stylebook/ss21/2.jpg]
[www.air-closet.com/style-book/6/index.html]
[www.air-closet.com/assets/images/stylebook/ss21/3.jpg]
[www.air-closet.com/style-book/3/index.html]
[www.air-closet.com/style-book/7/index.html]
[www.air-closet.com/assets/images/stylebook/ss21/4.jpg]
[www.air-closet.com/style-book/4/index.html]
[www.air-closet.com/style-book/8/index.html]
[www.air-closet.com/assets/images/stylebook/ss21/5.jpg]
[www.air-closet.com/style-book/5/index.html]
[www.air-closet.com/style-book/9/index.html]
[www.air-closet.com/assets/images/stylebook/ss21/6.jpg]
[www.air-closet.com/style-book/6/index.html]
[www.air-closet.com/style-book/10/index.html]
[www.air-closet.com/assets/images/stylebook/ss21/7.jpg]
[www.air-closet.com/style-book/7/index.html]
[www.air-closet.com/style-book/11/index.html]
[www.air-closet.com/assets/images/stylebook/ss21/8.jpg]
[www.air-closet.com/style-book/8/index.html]
[www.air-closet.com/style-book/12/index.html]
[www.air-closet.com/assets/images/stylebook/ss21/9.jpg]
[www.air-closet.com/style-book/9/index.html]
[www.air-closet.com/style-book/13/index.html]
[www.air-closet.com/assets/images/stylebook/ss21/10.jpg]
[www.air-closet.com/style-book/10/index.html]
[www.air-closet.com/style-book/14/index.html]
[www.air-closet.com/assets/images/stylebook/ss21/11.jpg]
[www.air-closet.com/style-book/11/index.html]
[www.air-closet.com/style-book/15/index.html]
[www.air-closet.com/assets/images/stylebook/ss21/12.jpg]
[www.air-closet.com/style-book/12/index.html]
[www.air-closet.com/style-book/16/index.html]
[www.air-closet.com/assets/images/stylebook/ss21/13.jpg]
[www.air-closet.com/style-book/13/index.html]
[www.air-closet.com/style-book/17/index.html]
[www.air-closet.com/assets/images/stylebook/ss21/14.jpg]
[www.air-closet.com/style-book/14/index.html]
[www.air-closet.com/style-book/18/index.html]
[www.air-closet.com/assets/images/stylebook/ss21/15.jpg]
[www.air-closet.com/style-book/15/index.html]
[www.air-closet.com/assets/images/stylebook/ss21/16.jpg]
[www.air-closet.com/assets/images/stylebook/ss21/17.jpg]
[www.air-closet.com/style-book/16/index.html]
[www.air-closet.com/assets/images/stylebook/ss21/18.jpg]
[www.air-closet.com/style-book/_id/index.html]
[www.air-closet.com/style-book/17/index.html]
[www.air-closet.com/style-book/18/index.html]
[www.air-closet.com/assets/images/lp/album-promotion/dot-pc.png]
[www.air-closet.com/assets/images/lp/album-promotion/dot.png]
[www.air-closet.com/assets/images/lp/album-promotion/new-icon.png]
[www.air-closet.com/style-book/_id/index.html]
